Component: Arm Compiler for Embedded 6.18 Tool: armlink [5e4cc100]

==============================================================================

Section Cross References

    main.o(.text.main) refers to applicationlogic.o(.text.AppDriversInit) for AppDriversInit
    main.o(.text.main) refers to applicationlogic.o(.text.AppLogic) for AppLogic
    main.o(.ARM.exidx.text.main) refers to main.o(.text.main) for [Anonymous Symbol]
    dio_1.o(.ARM.exidx.text.PinPortGetter) refers to dio_1.o(.text.PinPortGetter) for [Anonymous Symbol]
    dio_1.o(.text.Dio_ReadChannel) refers to dio_1.o(.bss.Port) for Port
    dio_1.o(.text.Dio_ReadChannel) refers to dio_1.o(.bss.Pin) for Pin
    dio_1.o(.text.Dio_ReadChannel) refers to dio_1.o(.text.PinPortGetter) for PinPortGetter
    dio_1.o(.ARM.exidx.text.Dio_ReadChannel) refers to dio_1.o(.text.Dio_ReadChannel) for [Anonymous Symbol]
    dio_1.o(.text.Dio_WriteChannel) refers to dio_1.o(.bss.Port) for Port
    dio_1.o(.text.Dio_WriteChannel) refers to dio_1.o(.bss.Pin) for Pin
    dio_1.o(.text.Dio_WriteChannel) refers to dio_1.o(.text.PinPortGetter) for PinPortGetter
    dio_1.o(.ARM.exidx.text.Dio_WriteChannel) refers to dio_1.o(.text.Dio_WriteChannel) for [Anonymous Symbol]
    dio_1.o(.ARM.exidx.text.Dio_ReadPort) refers to dio_1.o(.text.Dio_ReadPort) for [Anonymous Symbol]
    dio_1.o(.ARM.exidx.text.Dio_WritePort) refers to dio_1.o(.text.Dio_WritePort) for [Anonymous Symbol]
    dio_1.o(.text.Dio_FlipChannel) refers to dio_1.o(.bss.Port) for Port
    dio_1.o(.text.Dio_FlipChannel) refers to dio_1.o(.bss.Pin) for Pin
    dio_1.o(.text.Dio_FlipChannel) refers to dio_1.o(.text.PinPortGetter) for PinPortGetter
    dio_1.o(.ARM.exidx.text.Dio_FlipChannel) refers to dio_1.o(.text.Dio_FlipChannel) for [Anonymous Symbol]
    gpt_1.o(.text.Gpt_Init) refers to gpt_1.o(.bss.global_Config) for global_Config
    gpt_1.o(.text.Gpt_Init) refers to gpt_1.o(.bss.LocCounter) for LocCounter
    gpt_1.o(.text.Gpt_Init) refers to gpt_1.o(.bss.Channel) for Channel
    gpt_1.o(.text.Gpt_Init) refers to gpt_1.o(.bss.LocChannelId) for LocChannelId
    gpt_1.o(.text.Gpt_Init) refers to gpt_1.o(.bss.LocFrequency) for LocFrequency
    gpt_1.o(.text.Gpt_Init) refers to gpt_1.o(.bss.LocMode) for LocMode
    gpt_1.o(.text.Gpt_Init) refers to gpt_1.o(.bss.LocTicks) for LocTicks
    gpt_1.o(.text.Gpt_Init) refers to gpt_1.o(.rodata.GPT_TimerChannelBaseAddress) for GPT_TimerChannelBaseAddress
    gpt_1.o(.text.Gpt_Init) refers to gpt_1.o(.bss.LocBaseAdd) for LocBaseAdd
    gpt_1.o(.text.Gpt_Init) refers to gpt_1.o(.bss.GptNotification) for GptNotification
    gpt_1.o(.text.Gpt_Init) refers to gpt_1.o(.bss.LocTimerAB) for LocTimerAB
    gpt_1.o(.text.Gpt_Init) refers to gpt_1.o(.bss.LocTimerType) for LocTimerType
    gpt_1.o(.ARM.exidx.text.Gpt_Init) refers to gpt_1.o(.text.Gpt_Init) for [Anonymous Symbol]
    gpt_1.o(.text.Gpt_DisableNotification) refers to gpt_1.o(.bss.LocTimerAB) for LocTimerAB
    gpt_1.o(.text.Gpt_DisableNotification) refers to gpt_1.o(.rodata.GPT_TimerChannelBaseAddress) for GPT_TimerChannelBaseAddress
    gpt_1.o(.text.Gpt_DisableNotification) refers to gpt_1.o(.bss.LocBaseAdd) for LocBaseAdd
    gpt_1.o(.ARM.exidx.text.Gpt_DisableNotification) refers to gpt_1.o(.text.Gpt_DisableNotification) for [Anonymous Symbol]
    gpt_1.o(.text.Gpt_EnableNotification) refers to gpt_1.o(.bss.LocTimerAB) for LocTimerAB
    gpt_1.o(.text.Gpt_EnableNotification) refers to gpt_1.o(.rodata.GPT_TimerChannelBaseAddress) for GPT_TimerChannelBaseAddress
    gpt_1.o(.text.Gpt_EnableNotification) refers to gpt_1.o(.bss.LocBaseAdd) for LocBaseAdd
    gpt_1.o(.ARM.exidx.text.Gpt_EnableNotification) refers to gpt_1.o(.text.Gpt_EnableNotification) for [Anonymous Symbol]
    gpt_1.o(.text.Gpt_StartTimer) refers to gpt_1.o(.bss.LocTimerAB) for LocTimerAB
    gpt_1.o(.text.Gpt_StartTimer) refers to gpt_1.o(.rodata.GPT_TimerChannelBaseAddress) for GPT_TimerChannelBaseAddress
    gpt_1.o(.text.Gpt_StartTimer) refers to gpt_1.o(.bss.LocBaseAdd) for LocBaseAdd
    gpt_1.o(.text.Gpt_StartTimer) refers to gpt_1.o(.bss.LocTimerType) for LocTimerType
    gpt_1.o(.ARM.exidx.text.Gpt_StartTimer) refers to gpt_1.o(.text.Gpt_StartTimer) for [Anonymous Symbol]
    gpt_1.o(.text.Gpt_StopTimer) refers to gpt_1.o(.bss.LocTimerAB) for LocTimerAB
    gpt_1.o(.text.Gpt_StopTimer) refers to gpt_1.o(.rodata.GPT_TimerChannelBaseAddress) for GPT_TimerChannelBaseAddress
    gpt_1.o(.text.Gpt_StopTimer) refers to gpt_1.o(.bss.LocBaseAdd) for LocBaseAdd
    gpt_1.o(.ARM.exidx.text.Gpt_StopTimer) refers to gpt_1.o(.text.Gpt_StopTimer) for [Anonymous Symbol]
    gpt_1.o(.text.TIMER0A_Handler) refers to gpt_1.o(.bss.GptNotification) for GptNotification
    gpt_1.o(.text.TIMER0A_Handler) refers to gpt_1.o(.rodata.GPT_TimerChannelBaseAddress) for GPT_TimerChannelBaseAddress
    gpt_1.o(.ARM.exidx.text.TIMER0A_Handler) refers to gpt_1.o(.text.TIMER0A_Handler) for [Anonymous Symbol]
    nvic_1.o(.text.NVIC_init) refers to nvic_lcfg_1.o(.rodata.NVIC_CFG_Init) for NVIC_CFG_Init
    nvic_1.o(.text.NVIC_init) refers to nvic_1.o(.bss.Pri_Reg_PTR) for Pri_Reg_PTR
    nvic_1.o(.ARM.exidx.text.NVIC_init) refers to nvic_1.o(.text.NVIC_init) for [Anonymous Symbol]
    port_1.o(.text.Port_Init) refers to port_1.o(.bss.Port_PortChannels) for Port_PortChannels
    port_1.o(.text.Port_Init) refers to port_1.o(.bss.PORT_DIR) for PORT_DIR
    port_1.o(.text.Port_Init) refers to port_1.o(.bss.PORT_DATA) for PORT_DATA
    port_1.o(.text.Port_Init) refers to port_1.o(.bss.PORT_AFSEL) for PORT_AFSEL
    port_1.o(.text.Port_Init) refers to port_1.o(.bss.PORT_PUR) for PORT_PUR
    port_1.o(.text.Port_Init) refers to port_1.o(.bss.PORT_PDR) for PORT_PDR
    port_1.o(.text.Port_Init) refers to port_1.o(.bss.PORT_DEN) for PORT_DEN
    port_1.o(.text.Port_Init) refers to port_1.o(.bss.PORT_LOCK) for PORT_LOCK
    port_1.o(.text.Port_Init) refers to port_1.o(.bss.PORT_CR) for PORT_CR
    port_1.o(.text.Port_Init) refers to port_1.o(.bss.PORT_AMSEL) for PORT_AMSEL
    port_1.o(.text.Port_Init) refers to port_1.o(.bss.PORT_PCTL) for PORT_PCTL
    port_1.o(.ARM.exidx.text.Port_Init) refers to port_1.o(.text.Port_Init) for [Anonymous Symbol]
    gpt_lcfg_1.o(.rodata.GptConfigArr) refers to applicationlogic.o(.text.Interrupted) for Interrupted
    leds.o(.text.LED_ON) refers to dio_1.o(.text.Dio_WriteChannel) for Dio_WriteChannel
    leds.o(.ARM.exidx.text.LED_ON) refers to leds.o(.text.LED_ON) for [Anonymous Symbol]
    leds.o(.text.LED_OFF) refers to dio_1.o(.text.Dio_WriteChannel) for Dio_WriteChannel
    leds.o(.ARM.exidx.text.LED_OFF) refers to leds.o(.text.LED_OFF) for [Anonymous Symbol]
    applicationlogic.o(.text.AppDriversInit) refers to port_lcfg.o(.rodata.Port_config) for Port_config
    applicationlogic.o(.text.AppDriversInit) refers to port_1.o(.text.Port_Init) for Port_Init
    applicationlogic.o(.text.AppDriversInit) refers to gpt_lcfg_1.o(.rodata.GptConfigArr) for GptConfigArr
    applicationlogic.o(.text.AppDriversInit) refers to gpt_1.o(.text.Gpt_Init) for Gpt_Init
    applicationlogic.o(.text.AppDriversInit) refers to gpt_1.o(.text.Gpt_EnableNotification) for Gpt_EnableNotification
    applicationlogic.o(.text.AppDriversInit) refers to gpt_1.o(.text.Gpt_StartTimer) for Gpt_StartTimer
    applicationlogic.o(.text.AppDriversInit) refers to nvic_1.o(.text.NVIC_init) for NVIC_init
    applicationlogic.o(.ARM.exidx.text.AppDriversInit) refers to applicationlogic.o(.text.AppDriversInit) for [Anonymous Symbol]
    applicationlogic.o(.text.Interrupted) refers to applicationlogic.o(.bss.LocSeconds) for LocSeconds
    applicationlogic.o(.ARM.exidx.text.Interrupted) refers to applicationlogic.o(.text.Interrupted) for [Anonymous Symbol]
    applicationlogic.o(.text.AppLogic) refers to applicationlogic.o(.bss.LedState) for LedState
    applicationlogic.o(.text.AppLogic) refers to applicationlogic.o(.bss.LocSeconds) for LocSeconds
    applicationlogic.o(.text.AppLogic) refers to leds.o(.text.LED_OFF) for LED_OFF
    applicationlogic.o(.text.AppLogic) refers to leds.o(.text.LED_ON) for LED_ON
    applicationlogic.o(.ARM.exidx.text.AppLogic) refers to applicationlogic.o(.text.AppLogic) for [Anonymous Symbol]
    startup_tm4c123.o(STACK) refers (Special) to heapauxi.o(.text) for __use_two_region_memory
    startup_tm4c123.o(HEAP) refers (Special) to heapauxi.o(.text) for __use_two_region_memory
    startup_tm4c123.o(RESET) refers (Special) to heapauxi.o(.text) for __use_two_region_memory
    startup_tm4c123.o(RESET) refers to startup_tm4c123.o(STACK) for __initial_sp
    startup_tm4c123.o(RESET) refers to startup_tm4c123.o(.text) for Reset_Handler
    startup_tm4c123.o(RESET) refers to gpt_1.o(.text.TIMER0A_Handler) for TIMER0A_Handler
    startup_tm4c123.o(.text) refers (Special) to heapauxi.o(.text) for __use_two_region_memory
    startup_tm4c123.o(.text) refers to system_tm4c123.o(.text.SystemInit) for SystemInit
    startup_tm4c123.o(.text) refers to __main.o(!!!main) for __main
    startup_tm4c123.o(.text) refers to startup_tm4c123.o(HEAP) for Heap_Mem
    startup_tm4c123.o(.text) refers to startup_tm4c123.o(STACK) for Stack_Mem
    system_tm4c123.o(.text.SystemCoreClockUpdate) refers to system_tm4c123.o(.text.getOscClk) for getOscClk
    system_tm4c123.o(.text.SystemCoreClockUpdate) refers to system_tm4c123.o(.data.SystemCoreClock) for SystemCoreClock
    system_tm4c123.o(.ARM.exidx.text.SystemCoreClockUpdate) refers to system_tm4c123.o(.text.SystemCoreClockUpdate) for [Anonymous Symbol]
    system_tm4c123.o(.ARM.exidx.text.getOscClk) refers to system_tm4c123.o(.text.getOscClk) for [Anonymous Symbol]
    system_tm4c123.o(.ARM.exidx.text.SystemInit) refers to system_tm4c123.o(.text.SystemInit) for [Anonymous Symbol]
    __main.o(!!!main) refers to __rtentry.o(.ARM.Collect$$rtentry$$00000000) for __rt_entry
    __rtentry.o(.ARM.Collect$$rtentry$$00000000) refers (Special) to __rtentry2.o(.ARM.Collect$$rtentry$$0000000A) for __rt_entry_li
    __rtentry.o(.ARM.Collect$$rtentry$$00000000) refers (Special) to __rtentry2.o(.ARM.Collect$$rtentry$$0000000D) for __rt_entry_main
    __rtentry.o(.ARM.Collect$$rtentry$$00000000) refers (Special) to __rtentry2.o(.ARM.Collect$$rtentry$$0000000C) for __rt_entry_postli_1
    __rtentry.o(.ARM.Collect$$rtentry$$00000000) refers (Special) to __rtentry2.o(.ARM.Collect$$rtentry$$00000009) for __rt_entry_postsh_1
    __rtentry.o(.ARM.Collect$$rtentry$$00000000) refers (Special) to __rtentry2.o(.ARM.Collect$$rtentry$$00000002) for __rt_entry_presh_1
    __rtentry.o(.ARM.Collect$$rtentry$$00000000) refers (Special) to __rtentry4.o(.ARM.Collect$$rtentry$$00000004) for __rt_entry_sh
    __rtentry2.o(.ARM.Collect$$rtentry$$00000008) refers to boardinit2.o(.text) for _platform_post_stackheap_init
    __rtentry2.o(.ARM.Collect$$rtentry$$0000000A) refers to libinit.o(.ARM.Collect$$libinit$$00000000) for __rt_lib_init
    __rtentry2.o(.ARM.Collect$$rtentry$$0000000B) refers to boardinit3.o(.text) for _platform_post_lib_init
    __rtentry2.o(.ARM.Collect$$rtentry$$0000000D) refers to main.o(.text.main) for main
    __rtentry2.o(.ARM.Collect$$rtentry$$0000000D) refers to exit.o(.text) for exit
    __rtentry2.o(.ARM.exidx) refers to __rtentry2.o(.ARM.Collect$$rtentry$$00000001) for .ARM.Collect$$rtentry$$00000001
    __rtentry2.o(.ARM.exidx) refers to __rtentry2.o(.ARM.Collect$$rtentry$$00000008) for .ARM.Collect$$rtentry$$00000008
    __rtentry2.o(.ARM.exidx) refers to __rtentry2.o(.ARM.Collect$$rtentry$$0000000A) for .ARM.Collect$$rtentry$$0000000A
    __rtentry2.o(.ARM.exidx) refers to __rtentry2.o(.ARM.Collect$$rtentry$$0000000B) for .ARM.Collect$$rtentry$$0000000B
    __rtentry2.o(.ARM.exidx) refers to __rtentry2.o(.ARM.Collect$$rtentry$$0000000D) for .ARM.Collect$$rtentry$$0000000D
    __rtentry4.o(.ARM.Collect$$rtentry$$00000004) refers to sys_stackheap_outer.o(.text) for __user_setup_stackheap
    __rtentry4.o(.ARM.exidx) refers to __rtentry4.o(.ARM.Collect$$rtentry$$00000004) for .ARM.Collect$$rtentry$$00000004
    sys_stackheap_outer.o(.text) refers to libspace.o(.text) for __user_perproc_libspace
    sys_stackheap_outer.o(.text) refers to startup_tm4c123.o(.text) for __user_initial_stackheap
    exit.o(.text) refers to rtexit.o(.ARM.Collect$$rtexit$$00000000) for __rt_exit
    libinit.o(.ARM.Collect$$libinit$$00000000) refers (Special) to libinit2.o(.ARM.Collect$$libinit$$00000030) for __rt_lib_init_alloca_1
    libinit.o(.ARM.Collect$$libinit$$00000000) refers (Special) to libinit2.o(.ARM.Collect$$libinit$$0000002E) for __rt_lib_init_argv_1
    libinit.o(.ARM.Collect$$libinit$$00000000) refers (Special) to libinit2.o(.ARM.Collect$$libinit$$0000001D) for __rt_lib_init_atexit_1
    libinit.o(.ARM.Collect$$libinit$$00000000) refers (Special) to libinit2.o(.ARM.Collect$$libinit$$00000023) for __rt_lib_init_clock_1
    libinit.o(.ARM.Collect$$libinit$$00000000) refers (Special) to libinit2.o(.ARM.Collect$$libinit$$00000034) for __rt_lib_init_cpp_1
    libinit.o(.ARM.Collect$$libinit$$00000000) refers (Special) to libinit2.o(.ARM.Collect$$libinit$$00000032) for __rt_lib_init_exceptions_1
    libinit.o(.ARM.Collect$$libinit$$00000000) refers (Special) to libinit2.o(.ARM.Collect$$libinit$$00000001) for __rt_lib_init_fp_1
    libinit.o(.ARM.Collect$$libinit$$00000000) refers (Special) to libinit2.o(.ARM.Collect$$libinit$$00000021) for __rt_lib_init_fp_trap_1
    libinit.o(.ARM.Collect$$libinit$$00000000) refers (Special) to libinit2.o(.ARM.Collect$$libinit$$00000025) for __rt_lib_init_getenv_1
    libinit.o(.ARM.Collect$$libinit$$00000000) refers (Special) to libinit2.o(.ARM.Collect$$libinit$$0000000C) for __rt_lib_init_heap_1
    libinit.o(.ARM.Collect$$libinit$$00000000) refers (Special) to libinit2.o(.ARM.Collect$$libinit$$00000013) for __rt_lib_init_lc_collate_1
    libinit.o(.ARM.Collect$$libinit$$00000000) refers (Special) to libinit2.o(.ARM.Collect$$libinit$$00000015) for __rt_lib_init_lc_ctype_1
    libinit.o(.ARM.Collect$$libinit$$00000000) refers (Special) to libinit2.o(.ARM.Collect$$libinit$$00000017) for __rt_lib_init_lc_monetary_1
    libinit.o(.ARM.Collect$$libinit$$00000000) refers (Special) to libinit2.o(.ARM.Collect$$libinit$$00000019) for __rt_lib_init_lc_numeric_1
    libinit.o(.ARM.Collect$$libinit$$00000000) refers (Special) to libinit2.o(.ARM.Collect$$libinit$$0000001B) for __rt_lib_init_lc_time_1
    libinit.o(.ARM.Collect$$libinit$$00000000) refers (Special) to libinit2.o(.ARM.Collect$$libinit$$00000006) for __rt_lib_init_preinit_1
    libinit.o(.ARM.Collect$$libinit$$00000000) refers (Special) to libinit2.o(.ARM.Collect$$libinit$$00000010) for __rt_lib_init_rand_1
    libinit.o(.ARM.Collect$$libinit$$00000000) refers (Special) to libinit2.o(.ARM.Collect$$libinit$$00000004) for __rt_lib_init_relocate_pie_1
    libinit.o(.ARM.Collect$$libinit$$00000000) refers (Special) to libinit2.o(.ARM.Collect$$libinit$$00000035) for __rt_lib_init_return
    libinit.o(.ARM.Collect$$libinit$$00000000) refers (Special) to libinit2.o(.ARM.Collect$$libinit$$0000001F) for __rt_lib_init_signal_1
    libinit.o(.ARM.Collect$$libinit$$00000000) refers (Special) to libinit2.o(.ARM.Collect$$libinit$$00000027) for __rt_lib_init_stdio_1
    libinit.o(.ARM.Collect$$libinit$$00000000) refers (Special) to libinit2.o(.ARM.Collect$$libinit$$0000000E) for __rt_lib_init_user_alloc_1
    libspace.o(.text) refers to libspace.o(.bss) for __libspace_start
    rtexit.o(.ARM.Collect$$rtexit$$00000000) refers (Special) to rtexit2.o(.ARM.Collect$$rtexit$$00000004) for __rt_exit_exit
    rtexit.o(.ARM.Collect$$rtexit$$00000000) refers (Special) to rtexit2.o(.ARM.Collect$$rtexit$$00000003) for __rt_exit_ls
    rtexit.o(.ARM.Collect$$rtexit$$00000000) refers (Special) to rtexit2.o(.ARM.Collect$$rtexit$$00000002) for __rt_exit_prels_1
    rtexit.o(.ARM.exidx) refers (Special) to rtexit2.o(.ARM.Collect$$rtexit$$00000004) for __rt_exit_exit
    rtexit.o(.ARM.exidx) refers (Special) to rtexit2.o(.ARM.Collect$$rtexit$$00000003) for __rt_exit_ls
    rtexit.o(.ARM.exidx) refers (Special) to rtexit2.o(.ARM.Collect$$rtexit$$00000002) for __rt_exit_prels_1
    rtexit.o(.ARM.exidx) refers to rtexit.o(.ARM.Collect$$rtexit$$00000000) for .ARM.Collect$$rtexit$$00000000
    libinit2.o(.ARM.Collect$$libinit$$00000001) refers to fpinit.o(x$fpl$fpinit) for _fp_init
    libinit2.o(.ARM.Collect$$libinit$$00000012) refers to libinit2.o(.ARM.Collect$$libinit$$00000011) for .ARM.Collect$$libinit$$00000011
    libinit2.o(.ARM.Collect$$libinit$$00000014) refers to libinit2.o(.ARM.Collect$$libinit$$00000011) for .ARM.Collect$$libinit$$00000011
    libinit2.o(.ARM.Collect$$libinit$$00000016) refers to libinit2.o(.ARM.Collect$$libinit$$00000011) for .ARM.Collect$$libinit$$00000011
    libinit2.o(.ARM.Collect$$libinit$$00000018) refers to libinit2.o(.ARM.Collect$$libinit$$00000011) for .ARM.Collect$$libinit$$00000011
    libinit2.o(.ARM.Collect$$libinit$$0000001A) refers to libinit2.o(.ARM.Collect$$libinit$$00000011) for .ARM.Collect$$libinit$$00000011
    libinit2.o(.ARM.Collect$$libinit$$00000028) refers to argv_veneer.o(.emb_text) for __ARM_argv_veneer
    libinit2.o(.ARM.Collect$$libinit$$00000029) refers to argv_veneer.o(.emb_text) for __ARM_argv_veneer
    rtexit2.o(.ARM.Collect$$rtexit$$00000003) refers to libshutdown.o(.ARM.Collect$$libshutdown$$00000000) for __rt_lib_shutdown
    rtexit2.o(.ARM.Collect$$rtexit$$00000004) refers to sys_exit.o(.text) for _sys_exit
    rtexit2.o(.ARM.exidx) refers to rtexit2.o(.ARM.Collect$$rtexit$$00000001) for .ARM.Collect$$rtexit$$00000001
    rtexit2.o(.ARM.exidx) refers to rtexit2.o(.ARM.Collect$$rtexit$$00000003) for .ARM.Collect$$rtexit$$00000003
    rtexit2.o(.ARM.exidx) refers to rtexit2.o(.ARM.Collect$$rtexit$$00000004) for .ARM.Collect$$rtexit$$00000004
    argv_veneer.o(.emb_text) refers to no_argv.o(.text) for __ARM_get_argv
    sys_exit.o(.text) refers (Special) to use_no_semi.o(.text) for __I$use$semihosting
    sys_exit.o(.text) refers (Special) to indicate_semi.o(.text) for __semihosting_library_function
    sys_exit_hlt.o(.text) refers (Special) to use_no_semi.o(.text) for __I$use$semihosting
    sys_exit_hlt.o(.text) refers (Special) to indicate_semi.o(.text) for __semihosting_library_function
    _get_argv_nomalloc.o(.text) refers (Special) to hrguard.o(.text) for __heap_region$guard
    _get_argv_nomalloc.o(.text) refers to defsig_rtmem_outer.o(.text) for __rt_SIGRTMEM
    _get_argv_nomalloc.o(.text) refers to sys_command.o(.text) for _sys_command_string
    libshutdown.o(.ARM.Collect$$libshutdown$$00000000) refers (Special) to libshutdown2.o(.ARM.Collect$$libshutdown$$00000002) for __rt_lib_shutdown_cpp_1
    libshutdown.o(.ARM.Collect$$libshutdown$$00000000) refers (Special) to libshutdown2.o(.ARM.Collect$$libshutdown$$00000007) for __rt_lib_shutdown_fp_trap_1
    libshutdown.o(.ARM.Collect$$libshutdown$$00000000) refers (Special) to libshutdown2.o(.ARM.Collect$$libshutdown$$0000000F) for __rt_lib_shutdown_heap_1
    libshutdown.o(.ARM.Collect$$libshutdown$$00000000) refers (Special) to libshutdown2.o(.ARM.Collect$$libshutdown$$00000010) for __rt_lib_shutdown_return
    libshutdown.o(.ARM.Collect$$libshutdown$$00000000) refers (Special) to libshutdown2.o(.ARM.Collect$$libshutdown$$0000000A) for __rt_lib_shutdown_signal_1
    libshutdown.o(.ARM.Collect$$libshutdown$$00000000) refers (Special) to libshutdown2.o(.ARM.Collect$$libshutdown$$00000004) for __rt_lib_shutdown_stdio_1
    libshutdown.o(.ARM.Collect$$libshutdown$$00000000) refers (Special) to libshutdown2.o(.ARM.Collect$$libshutdown$$0000000C) for __rt_lib_shutdown_user_alloc_1
    sys_command.o(.text) refers (Special) to use_no_semi.o(.text) for __I$use$semihosting
    sys_command.o(.text) refers (Special) to indicate_semi.o(.text) for __semihosting_library_function
    sys_command_hlt.o(.text) refers (Special) to use_no_semi.o(.text) for __I$use$semihosting
    sys_command_hlt.o(.text) refers (Special) to indicate_semi.o(.text) for __semihosting_library_function
    defsig_rtmem_outer.o(.text) refers to defsig_rtmem_inner.o(.text) for __rt_SIGRTMEM_inner
    defsig_rtmem_outer.o(.text) refers to defsig_exit.o(.text) for __sig_exit
    defsig_rtmem_formal.o(.text) refers to rt_raise.o(.text) for __rt_raise
    rt_raise.o(.text) refers to __raise.o(.text) for __raise
    rt_raise.o(.text) refers to sys_exit.o(.text) for _sys_exit
    defsig_exit.o(.text) refers to sys_exit.o(.text) for _sys_exit
    defsig_rtmem_inner.o(.text) refers to defsig_general.o(.text) for __default_signal_display
    __raise.o(.text) refers to defsig.o(CL$$defsig) for __default_signal_handler
    defsig_general.o(.text) refers to sys_wrch.o(.text) for _ttywrch
    sys_wrch.o(.text) refers (Special) to use_no_semi.o(.text) for __I$use$semihosting
    sys_wrch.o(.text) refers (Special) to indicate_semi.o(.text) for __semihosting_library_function
    sys_wrch_hlt.o(.text) refers (Special) to use_no_semi.o(.text) for __I$use$semihosting
    sys_wrch_hlt.o(.text) refers (Special) to indicate_semi.o(.text) for __semihosting_library_function
    defsig.o(CL$$defsig) refers to defsig_rtmem_inner.o(.text) for __rt_SIGRTMEM_inner
    defsig_abrt_inner.o(.text) refers to defsig_general.o(.text) for __default_signal_display
    defsig_fpe_inner.o(.text) refers to defsig_general.o(.text) for __default_signal_display
    defsig_rtred_inner.o(.text) refers to defsig_general.o(.text) for __default_signal_display
    defsig_stak_inner.o(.text) refers to defsig_general.o(.text) for __default_signal_display
    defsig_pvfn_inner.o(.text) refers to defsig_general.o(.text) for __default_signal_display
    defsig_cppl_inner.o(.text) refers to defsig_general.o(.text) for __default_signal_display
    defsig_segv_inner.o(.text) refers to defsig_general.o(.text) for __default_signal_display
    defsig_other.o(.text) refers to defsig_general.o(.text) for __default_signal_display


==============================================================================

Removing Unused input sections from the image.

    Removing main.o(.text), (0 bytes).
    Removing main.o(.ARM.exidx.text.main), (8 bytes).
    Removing main.o(.ARM.use_no_argv), (4 bytes).
    Removing dio_1.o(.text), (0 bytes).
    Removing dio_1.o(.ARM.exidx.text.PinPortGetter), (8 bytes).
    Removing dio_1.o(.text.Dio_ReadChannel), (338 bytes).
    Removing dio_1.o(.ARM.exidx.text.Dio_ReadChannel), (8 bytes).
    Removing dio_1.o(.ARM.exidx.text.Dio_WriteChannel), (8 bytes).
    Removing dio_1.o(.text.Dio_ReadPort), (140 bytes).
    Removing dio_1.o(.ARM.exidx.text.Dio_ReadPort), (8 bytes).
    Removing dio_1.o(.text.Dio_WritePort), (134 bytes).
    Removing dio_1.o(.ARM.exidx.text.Dio_WritePort), (8 bytes).
    Removing dio_1.o(.text.Dio_FlipChannel), (422 bytes).
    Removing dio_1.o(.ARM.exidx.text.Dio_FlipChannel), (8 bytes).
    Removing gpt_1.o(.text), (0 bytes).
    Removing gpt_1.o(.ARM.exidx.text.Gpt_Init), (8 bytes).
    Removing gpt_1.o(.text.Gpt_DisableNotification), (186 bytes).
    Removing gpt_1.o(.ARM.exidx.text.Gpt_DisableNotification), (8 bytes).
    Removing gpt_1.o(.ARM.exidx.text.Gpt_EnableNotification), (8 bytes).
    Removing gpt_1.o(.ARM.exidx.text.Gpt_StartTimer), (8 bytes).
    Removing gpt_1.o(.text.Gpt_StopTimer), (140 bytes).
    Removing gpt_1.o(.ARM.exidx.text.Gpt_StopTimer), (8 bytes).
    Removing gpt_1.o(.ARM.exidx.text.TIMER0A_Handler), (8 bytes).
    Removing nvic_1.o(.text), (0 bytes).
    Removing nvic_1.o(.ARM.exidx.text.NVIC_init), (8 bytes).
    Removing port_1.o(.text), (0 bytes).
    Removing port_1.o(.ARM.exidx.text.Port_Init), (8 bytes).
    Removing gpt_lcfg_1.o(.text), (0 bytes).
    Removing nvic_lcfg_1.o(.text), (0 bytes).
    Removing port_lcfg.o(.text), (0 bytes).
    Removing leds.o(.text), (0 bytes).
    Removing leds.o(.ARM.exidx.text.LED_ON), (8 bytes).
    Removing leds.o(.ARM.exidx.text.LED_OFF), (8 bytes).
    Removing applicationlogic.o(.text), (0 bytes).
    Removing applicationlogic.o(.ARM.exidx.text.AppDriversInit), (8 bytes).
    Removing applicationlogic.o(.ARM.exidx.text.Interrupted), (8 bytes).
    Removing applicationlogic.o(.ARM.exidx.text.AppLogic), (8 bytes).
    Removing system_tm4c123.o(.text), (0 bytes).
    Removing system_tm4c123.o(.text.SystemCoreClockUpdate), (326 bytes).
    Removing system_tm4c123.o(.ARM.exidx.text.SystemCoreClockUpdate), (8 bytes).
    Removing system_tm4c123.o(.text.getOscClk), (360 bytes).
    Removing system_tm4c123.o(.ARM.exidx.text.getOscClk), (8 bytes).
    Removing system_tm4c123.o(.ARM.exidx.text.SystemInit), (8 bytes).
    Removing system_tm4c123.o(.data.SystemCoreClock), (4 bytes).

44 unused section(s) (total 2238 bytes) removed from the image.

==============================================================================

Image Symbol Table

    Local Symbols

    Symbol Name                              Value     Ov Type        Size  Object(Section)

    ../clib/angel/boardlib.s                 0x00000000   Number         0  boardinit1.o ABSOLUTE
    ../clib/angel/boardlib.s                 0x00000000   Number         0  boardinit2.o ABSOLUTE
    ../clib/angel/boardlib.s                 0x00000000   Number         0  boardinit3.o ABSOLUTE
    ../clib/angel/boardlib.s                 0x00000000   Number         0  boardshut.o ABSOLUTE
    ../clib/angel/handlers.s                 0x00000000   Number         0  __scatter_zi.o ABSOLUTE
    ../clib/angel/kernel.s                   0x00000000   Number         0  __rtentry.o ABSOLUTE
    ../clib/angel/kernel.s                   0x00000000   Number         0  __rtentry2.o ABSOLUTE
    ../clib/angel/kernel.s                   0x00000000   Number         0  __rtentry4.o ABSOLUTE
    ../clib/angel/kernel.s                   0x00000000   Number         0  rtexit.o ABSOLUTE
    ../clib/angel/kernel.s                   0x00000000   Number         0  rtexit2.o ABSOLUTE
    ../clib/angel/rt.s                       0x00000000   Number         0  rt_raise.o ABSOLUTE
    ../clib/angel/scatter.s                  0x00000000   Number         0  __scatter.o ABSOLUTE
    ../clib/angel/startup.s                  0x00000000   Number         0  __main.o ABSOLUTE
    ../clib/angel/sys.s                      0x00000000   Number         0  sys_stackheap_outer.o ABSOLUTE
    ../clib/angel/sys.s                      0x00000000   Number         0  libspace.o ABSOLUTE
    ../clib/angel/sys.s                      0x00000000   Number         0  use_no_semi.o ABSOLUTE
    ../clib/angel/sys.s                      0x00000000   Number         0  indicate_semi.o ABSOLUTE
    ../clib/angel/sysapp.c                   0x00000000   Number         0  sys_exit.o ABSOLUTE
    ../clib/angel/sysapp.c                   0x00000000   Number         0  sys_exit_hlt.o ABSOLUTE
    ../clib/angel/sysapp.c                   0x00000000   Number         0  sys_command.o ABSOLUTE
    ../clib/angel/sysapp.c                   0x00000000   Number         0  sys_command_hlt.o ABSOLUTE
    ../clib/angel/sysapp.c                   0x00000000   Number         0  sys_wrch.o ABSOLUTE
    ../clib/angel/sysapp.c                   0x00000000   Number         0  sys_wrch_hlt.o ABSOLUTE
    ../clib/armsys.c                         0x00000000   Number         0  argv_veneer.o ABSOLUTE
    ../clib/armsys.c                         0x00000000   Number         0  argv_veneer.o ABSOLUTE
    ../clib/armsys.c                         0x00000000   Number         0  _get_argv_nomalloc.o ABSOLUTE
    ../clib/armsys.c                         0x00000000   Number         0  no_argv.o ABSOLUTE
    ../clib/heapalloc.c                      0x00000000   Number         0  hrguard.o ABSOLUTE
    ../clib/heapaux.c                        0x00000000   Number         0  heapauxi.o ABSOLUTE
    ../clib/libinit.s                        0x00000000   Number         0  libinit.o ABSOLUTE
    ../clib/libinit.s                        0x00000000   Number         0  libinit2.o ABSOLUTE
    ../clib/libinit.s                        0x00000000   Number         0  libshutdown.o ABSOLUTE
    ../clib/libinit.s                        0x00000000   Number         0  libshutdown2.o ABSOLUTE
    ../clib/signal.c                         0x00000000   Number         0  defsig_rtmem_outer.o ABSOLUTE
    ../clib/signal.c                         0x00000000   Number         0  defsig_rtmem_formal.o ABSOLUTE
    ../clib/signal.c                         0x00000000   Number         0  defsig_exit.o ABSOLUTE
    ../clib/signal.c                         0x00000000   Number         0  defsig_rtmem_inner.o ABSOLUTE
    ../clib/signal.c                         0x00000000   Number         0  __raise.o ABSOLUTE
    ../clib/signal.c                         0x00000000   Number         0  defsig_general.o ABSOLUTE
    ../clib/signal.c                         0x00000000   Number         0  defsig_abrt_inner.o ABSOLUTE
    ../clib/signal.c                         0x00000000   Number         0  defsig_fpe_inner.o ABSOLUTE
    ../clib/signal.c                         0x00000000   Number         0  defsig_rtred_inner.o ABSOLUTE
    ../clib/signal.c                         0x00000000   Number         0  defsig_stak_inner.o ABSOLUTE
    ../clib/signal.c                         0x00000000   Number         0  defsig_pvfn_inner.o ABSOLUTE
    ../clib/signal.c                         0x00000000   Number         0  defsig_cppl_inner.o ABSOLUTE
    ../clib/signal.c                         0x00000000   Number         0  defsig_segv_inner.o ABSOLUTE
    ../clib/signal.c                         0x00000000   Number         0  defsig_other.o ABSOLUTE
    ../clib/signal.s                         0x00000000   Number         0  defsig.o ABSOLUTE
    ../clib/stdlib.c                         0x00000000   Number         0  exit.o ABSOLUTE
    ../fplib/fpinit.s                        0x00000000   Number         0  fpinit.o ABSOLUTE
    ApplicationLogic.c                       0x00000000   Number         0  applicationlogic.o ABSOLUTE
    DIO.c                                    0x00000000   Number         0  dio_1.o ABSOLUTE
    GPT.c                                    0x00000000   Number         0  gpt_1.o ABSOLUTE
    GPT_LCFG.c                               0x00000000   Number         0  gpt_lcfg_1.o ABSOLUTE
    Leds.c                                   0x00000000   Number         0  leds.o ABSOLUTE
    NVIC.c                                   0x00000000   Number         0  nvic_1.o ABSOLUTE
    NVIC_LCFG.c                              0x00000000   Number         0  nvic_lcfg_1.o ABSOLUTE
    PORT.c                                   0x00000000   Number         0  port_1.o ABSOLUTE
    PORT_LCFG.c                              0x00000000   Number         0  port_lcfg.o ABSOLUTE
    RTE/Device/TM4C123GH6PM/startup_TM4C123.s 0x00000000   Number         0  startup_tm4c123.o ABSOLUTE
    dc.s                                     0x00000000   Number         0  dc.o ABSOLUTE
    main.c                                   0x00000000   Number         0  main.o ABSOLUTE
    system_TM4C123.c                         0x00000000   Number         0  system_tm4c123.o ABSOLUTE
    RESET                                    0x00000000   Section      620  startup_tm4c123.o(RESET)
    !!!main                                  0x0000026c   Section        8  __main.o(!!!main)
    !!!scatter                               0x00000274   Section       52  __scatter.o(!!!scatter)
    !!handler_zi                             0x000002a8   Section       28  __scatter_zi.o(!!handler_zi)
    .ARM.Collect$$libinit$$00000000          0x000002c4   Section        2  libinit.o(.ARM.Collect$$libinit$$00000000)
    .ARM.Collect$$libinit$$00000001          0x000002c6   Section        4  libinit2.o(.ARM.Collect$$libinit$$00000001)
    .ARM.Collect$$libinit$$00000004          0x000002ca   Section        0  libinit2.o(.ARM.Collect$$libinit$$00000004)
    .ARM.Collect$$libinit$$00000006          0x000002ca   Section        0  libinit2.o(.ARM.Collect$$libinit$$00000006)
    .ARM.Collect$$libinit$$0000000C          0x000002ca   Section        0  libinit2.o(.ARM.Collect$$libinit$$0000000C)
    .ARM.Collect$$libinit$$0000000E          0x000002ca   Section        0  libinit2.o(.ARM.Collect$$libinit$$0000000E)
    .ARM.Collect$$libinit$$00000010          0x000002ca   Section        0  libinit2.o(.ARM.Collect$$libinit$$00000010)
    .ARM.Collect$$libinit$$00000013          0x000002ca   Section        0  libinit2.o(.ARM.Collect$$libinit$$00000013)
    .ARM.Collect$$libinit$$00000015          0x000002ca   Section        0  libinit2.o(.ARM.Collect$$libinit$$00000015)
    .ARM.Collect$$libinit$$00000017          0x000002ca   Section        0  libinit2.o(.ARM.Collect$$libinit$$00000017)
    .ARM.Collect$$libinit$$00000019          0x000002ca   Section        0  libinit2.o(.ARM.Collect$$libinit$$00000019)
    .ARM.Collect$$libinit$$0000001B          0x000002ca   Section        0  libinit2.o(.ARM.Collect$$libinit$$0000001B)
    .ARM.Collect$$libinit$$0000001D          0x000002ca   Section        0  libinit2.o(.ARM.Collect$$libinit$$0000001D)
    .ARM.Collect$$libinit$$0000001F          0x000002ca   Section        0  libinit2.o(.ARM.Collect$$libinit$$0000001F)
    .ARM.Collect$$libinit$$00000021          0x000002ca   Section        0  libinit2.o(.ARM.Collect$$libinit$$00000021)
    .ARM.Collect$$libinit$$00000023          0x000002ca   Section        0  libinit2.o(.ARM.Collect$$libinit$$00000023)
    .ARM.Collect$$libinit$$00000025          0x000002ca   Section        0  libinit2.o(.ARM.Collect$$libinit$$00000025)
    .ARM.Collect$$libinit$$00000027          0x000002ca   Section        0  libinit2.o(.ARM.Collect$$libinit$$00000027)
    .ARM.Collect$$libinit$$0000002E          0x000002ca   Section        0  libinit2.o(.ARM.Collect$$libinit$$0000002E)
    .ARM.Collect$$libinit$$00000030          0x000002ca   Section        0  libinit2.o(.ARM.Collect$$libinit$$00000030)
    .ARM.Collect$$libinit$$00000032          0x000002ca   Section        0  libinit2.o(.ARM.Collect$$libinit$$00000032)
    .ARM.Collect$$libinit$$00000034          0x000002ca   Section        0  libinit2.o(.ARM.Collect$$libinit$$00000034)
    .ARM.Collect$$libinit$$00000035          0x000002ca   Section        2  libinit2.o(.ARM.Collect$$libinit$$00000035)
    .ARM.Collect$$libshutdown$$00000000      0x000002cc   Section        2  libshutdown.o(.ARM.Collect$$libshutdown$$00000000)
    .ARM.Collect$$libshutdown$$00000002      0x000002ce   Section        0  libshutdown2.o(.ARM.Collect$$libshutdown$$00000002)
    .ARM.Collect$$libshutdown$$00000004      0x000002ce   Section        0  libshutdown2.o(.ARM.Collect$$libshutdown$$00000004)
    .ARM.Collect$$libshutdown$$00000007      0x000002ce   Section        0  libshutdown2.o(.ARM.Collect$$libshutdown$$00000007)
    .ARM.Collect$$libshutdown$$0000000A      0x000002ce   Section        0  libshutdown2.o(.ARM.Collect$$libshutdown$$0000000A)
    .ARM.Collect$$libshutdown$$0000000C      0x000002ce   Section        0  libshutdown2.o(.ARM.Collect$$libshutdown$$0000000C)
    .ARM.Collect$$libshutdown$$0000000F      0x000002ce   Section        0  libshutdown2.o(.ARM.Collect$$libshutdown$$0000000F)
    .ARM.Collect$$libshutdown$$00000010      0x000002ce   Section        2  libshutdown2.o(.ARM.Collect$$libshutdown$$00000010)
    .ARM.Collect$$rtentry$$00000000          0x000002d0   Section        0  __rtentry.o(.ARM.Collect$$rtentry$$00000000)
    .ARM.Collect$$rtentry$$00000002          0x000002d0   Section        0  __rtentry2.o(.ARM.Collect$$rtentry$$00000002)
    .ARM.Collect$$rtentry$$00000004          0x000002d0   Section        6  __rtentry4.o(.ARM.Collect$$rtentry$$00000004)
    .ARM.Collect$$rtentry$$00000009          0x000002d6   Section        0  __rtentry2.o(.ARM.Collect$$rtentry$$00000009)
    .ARM.Collect$$rtentry$$0000000A          0x000002d6   Section        4  __rtentry2.o(.ARM.Collect$$rtentry$$0000000A)
    .ARM.Collect$$rtentry$$0000000C          0x000002da   Section        0  __rtentry2.o(.ARM.Collect$$rtentry$$0000000C)
    .ARM.Collect$$rtentry$$0000000D          0x000002da   Section        8  __rtentry2.o(.ARM.Collect$$rtentry$$0000000D)
    .ARM.Collect$$rtexit$$00000000           0x000002e2   Section        2  rtexit.o(.ARM.Collect$$rtexit$$00000000)
    .ARM.Collect$$rtexit$$00000002           0x000002e4   Section        0  rtexit2.o(.ARM.Collect$$rtexit$$00000002)
    .ARM.Collect$$rtexit$$00000003           0x000002e4   Section        4  rtexit2.o(.ARM.Collect$$rtexit$$00000003)
    .ARM.Collect$$rtexit$$00000004           0x000002e8   Section        6  rtexit2.o(.ARM.Collect$$rtexit$$00000004)
    $v0                                      0x000002f0   Number         0  startup_tm4c123.o(.text)
    .text                                    0x000002f0   Section      276  startup_tm4c123.o(.text)
    .text                                    0x00000404   Section        0  heapauxi.o(.text)
    .text                                    0x0000040a   Section       74  sys_stackheap_outer.o(.text)
    .text                                    0x00000454   Section        0  exit.o(.text)
    .text                                    0x00000468   Section        8  libspace.o(.text)
    .text                                    0x00000470   Section        0  sys_exit.o(.text)
    .text                                    0x0000047c   Section        2  use_no_semi.o(.text)
    .text                                    0x0000047e   Section        0  indicate_semi.o(.text)
    [Anonymous Symbol]                       0x00000480   Section        0  applicationlogic.o(.text.AppDriversInit)
    [Anonymous Symbol]                       0x000004b8   Section        0  applicationlogic.o(.text.AppLogic)
    [Anonymous Symbol]                       0x00000534   Section        0  dio_1.o(.text.Dio_WriteChannel)
    [Anonymous Symbol]                       0x00000734   Section        0  gpt_1.o(.text.Gpt_EnableNotification)
    [Anonymous Symbol]                       0x000007f0   Section        0  gpt_1.o(.text.Gpt_Init)
    [Anonymous Symbol]                       0x00000c34   Section        0  gpt_1.o(.text.Gpt_StartTimer)
    [Anonymous Symbol]                       0x00000d7c   Section        0  applicationlogic.o(.text.Interrupted)
    [Anonymous Symbol]                       0x00000d8c   Section        0  leds.o(.text.LED_OFF)
    [Anonymous Symbol]                       0x00000dd4   Section        0  leds.o(.text.LED_ON)
    [Anonymous Symbol]                       0x00000e1c   Section        0  nvic_1.o(.text.NVIC_init)
    [Anonymous Symbol]                       0x00000f68   Section        0  dio_1.o(.text.PinPortGetter)
    [Anonymous Symbol]                       0x00001058   Section        0  port_1.o(.text.Port_Init)
    [Anonymous Symbol]                       0x00001c00   Section        0  system_tm4c123.o(.text.SystemInit)
    __tagsym$$used.0                         0x00001c14   Number         0  gpt_1.o(.text.TIMER0A_Handler)
    [Anonymous Symbol]                       0x00001c14   Section        0  gpt_1.o(.text.TIMER0A_Handler)
    [Anonymous Symbol]                       0x00001c38   Section        0  main.o(.text.main)
    $v0                                      0x00001c4c   Number         0  fpinit.o(x$fpl$fpinit)
    x$fpl$fpinit                             0x00001c4c   Section       26  fpinit.o(x$fpl$fpinit)
    GPT_TimerChannelBaseAddress              0x00001c68   Data          96  gpt_1.o(.rodata.GPT_TimerChannelBaseAddress)
    [Anonymous Symbol]                       0x00001c68   Section        0  gpt_1.o(.rodata.GPT_TimerChannelBaseAddress)
    .bss                                     0x20000000   Section       96  libspace.o(.bss)
    Channel                                  0x20000060   Data           4  gpt_1.o(.bss.Channel)
    [Anonymous Symbol]                       0x20000060   Section        0  gpt_1.o(.bss.Channel)
    GptNotification                          0x20000064   Data          96  gpt_1.o(.bss.GptNotification)
    [Anonymous Symbol]                       0x20000064   Section        0  gpt_1.o(.bss.GptNotification)
    LedState                                 0x200000c4   Data           1  applicationlogic.o(.bss.LedState)
    [Anonymous Symbol]                       0x200000c4   Section        0  applicationlogic.o(.bss.LedState)
    LocSeconds                               0x200000d0   Data           1  applicationlogic.o(.bss.LocSeconds)
    [Anonymous Symbol]                       0x200000d0   Section        0  applicationlogic.o(.bss.LocSeconds)
    PORT_AFSEL                               0x200000dc   Data           4  port_1.o(.bss.PORT_AFSEL)
    [Anonymous Symbol]                       0x200000dc   Section        0  port_1.o(.bss.PORT_AFSEL)
    PORT_AMSEL                               0x200000e0   Data           4  port_1.o(.bss.PORT_AMSEL)
    [Anonymous Symbol]                       0x200000e0   Section        0  port_1.o(.bss.PORT_AMSEL)
    PORT_CR                                  0x200000e4   Data           4  port_1.o(.bss.PORT_CR)
    [Anonymous Symbol]                       0x200000e4   Section        0  port_1.o(.bss.PORT_CR)
    PORT_DATA                                0x200000e8   Data           4  port_1.o(.bss.PORT_DATA)
    [Anonymous Symbol]                       0x200000e8   Section        0  port_1.o(.bss.PORT_DATA)
    PORT_DEN                                 0x200000ec   Data           4  port_1.o(.bss.PORT_DEN)
    [Anonymous Symbol]                       0x200000ec   Section        0  port_1.o(.bss.PORT_DEN)
    PORT_DIR                                 0x200000f0   Data           4  port_1.o(.bss.PORT_DIR)
    [Anonymous Symbol]                       0x200000f0   Section        0  port_1.o(.bss.PORT_DIR)
    PORT_LOCK                                0x200000f4   Data           4  port_1.o(.bss.PORT_LOCK)
    [Anonymous Symbol]                       0x200000f4   Section        0  port_1.o(.bss.PORT_LOCK)
    PORT_PCTL                                0x200000f8   Data           4  port_1.o(.bss.PORT_PCTL)
    [Anonymous Symbol]                       0x200000f8   Section        0  port_1.o(.bss.PORT_PCTL)
    PORT_PDR                                 0x200000fc   Data           4  port_1.o(.bss.PORT_PDR)
    [Anonymous Symbol]                       0x200000fc   Section        0  port_1.o(.bss.PORT_PDR)
    PORT_PUR                                 0x20000100   Data           4  port_1.o(.bss.PORT_PUR)
    [Anonymous Symbol]                       0x20000100   Section        0  port_1.o(.bss.PORT_PUR)
    Port_PortChannels                        0x2000010c   Data           4  port_1.o(.bss.Port_PortChannels)
    [Anonymous Symbol]                       0x2000010c   Section        0  port_1.o(.bss.Port_PortChannels)
    Pri_Reg_PTR                              0x20000110   Data           4  nvic_1.o(.bss.Pri_Reg_PTR)
    [Anonymous Symbol]                       0x20000110   Section        0  nvic_1.o(.bss.Pri_Reg_PTR)
    global_Config                            0x20000114   Data           4  gpt_1.o(.bss.global_Config)
    [Anonymous Symbol]                       0x20000114   Section        0  gpt_1.o(.bss.global_Config)
    Heap_Mem                                 0x20000118   Data           0  startup_tm4c123.o(HEAP)
    Stack_Mem                                0x20000118   Data         512  startup_tm4c123.o(STACK)
    HEAP                                     0x20000118   Section        0  startup_tm4c123.o(HEAP)
    STACK                                    0x20000118   Section      512  startup_tm4c123.o(STACK)
    __initial_sp                             0x20000318   Data           0  startup_tm4c123.o(STACK)

    Global Symbols

    Symbol Name                              Value     Ov Type        Size  Object(Section)

    BuildAttributes$$THM_ISAv4$E$P$D$K$B$S$7EM$VFPi3$EXTD16$VFPS$VFMA$PE$A:L22UL41UL21$X:L11$S22US41US21$IEEE1$IW$~IW$USESV6$~STKCKD$USESV7$~SHL$OSPACE$ROPI$EBA8$UX$STANDARDLIB$REQ8$PRES8$EABIv2 0x00000000   Number         0  anon$$obj.o ABSOLUTE
    __Vectors                                0x00000000   Data           4  startup_tm4c123.o(RESET)
    __ARM_exceptions_init                     - Undefined Weak Reference
    __alloca_initialize                       - Undefined Weak Reference
    __arm_preinit_                            - Undefined Weak Reference
    __arm_relocate_pie_                       - Undefined Weak Reference
    __cpp_initialize__aeabi_                  - Undefined Weak Reference
    __cxa_finalize                            - Undefined Weak Reference
    __rt_locale                               - Undefined Weak Reference
    __sigvec_lookup                           - Undefined Weak Reference
    _atexit_init                              - Undefined Weak Reference
    _call_atexit_fns                          - Undefined Weak Reference
    _clock_init                               - Undefined Weak Reference
    _fp_trap_init                             - Undefined Weak Reference
    _fp_trap_shutdown                         - Undefined Weak Reference
    _get_lc_collate                           - Undefined Weak Reference
    _get_lc_ctype                             - Undefined Weak Reference
    _get_lc_monetary                          - Undefined Weak Reference
    _get_lc_numeric                           - Undefined Weak Reference
    _get_lc_time                              - Undefined Weak Reference
    _getenv_init                              - Undefined Weak Reference
    _handle_redirection                       - Undefined Weak Reference
    _init_alloc                               - Undefined Weak Reference
    _init_user_alloc                          - Undefined Weak Reference
    _initio                                   - Undefined Weak Reference
    _rand_init                                - Undefined Weak Reference
    _signal_finish                            - Undefined Weak Reference
    _signal_init                              - Undefined Weak Reference
    _terminate_alloc                          - Undefined Weak Reference
    _terminate_user_alloc                     - Undefined Weak Reference
    _terminateio                              - Undefined Weak Reference
    __Vectors_End                            0x0000026c   Data           0  startup_tm4c123.o(RESET)
    __Vectors_Size                           0x0000026c   Number         0  startup_tm4c123.o ABSOLUTE
    __main                                   0x0000026d   Thumb Code     8  __main.o(!!!main)
    __scatterload                            0x00000275   Thumb Code     0  __scatter.o(!!!scatter)
    __scatterload_rt2                        0x00000275   Thumb Code    44  __scatter.o(!!!scatter)
    __scatterload_rt2_thumb_only             0x00000275   Thumb Code     0  __scatter.o(!!!scatter)
    __scatterload_null                       0x00000283   Thumb Code     0  __scatter.o(!!!scatter)
    __scatterload_zeroinit                   0x000002a9   Thumb Code    28  __scatter_zi.o(!!handler_zi)
    __rt_lib_init                            0x000002c5   Thumb Code     0  libinit.o(.ARM.Collect$$libinit$$00000000)
    __rt_lib_init_fp_1                       0x000002c7   Thumb Code     0  libinit2.o(.ARM.Collect$$libinit$$00000001)
    __rt_lib_init_alloca_1                   0x000002cb   Thumb Code     0  libinit2.o(.ARM.Collect$$libinit$$00000030)
    __rt_lib_init_argv_1                     0x000002cb   Thumb Code     0  libinit2.o(.ARM.Collect$$libinit$$0000002E)
    __rt_lib_init_atexit_1                   0x000002cb   Thumb Code     0  libinit2.o(.ARM.Collect$$libinit$$0000001D)
    __rt_lib_init_clock_1                    0x000002cb   Thumb Code     0  libinit2.o(.ARM.Collect$$libinit$$00000023)
    __rt_lib_init_cpp_1                      0x000002cb   Thumb Code     0  libinit2.o(.ARM.Collect$$libinit$$00000034)
    __rt_lib_init_exceptions_1               0x000002cb   Thumb Code     0  libinit2.o(.ARM.Collect$$libinit$$00000032)
    __rt_lib_init_fp_trap_1                  0x000002cb   Thumb Code     0  libinit2.o(.ARM.Collect$$libinit$$00000021)
    __rt_lib_init_getenv_1                   0x000002cb   Thumb Code     0  libinit2.o(.ARM.Collect$$libinit$$00000025)
    __rt_lib_init_heap_1                     0x000002cb   Thumb Code     0  libinit2.o(.ARM.Collect$$libinit$$0000000C)
    __rt_lib_init_lc_collate_1               0x000002cb   Thumb Code     0  libinit2.o(.ARM.Collect$$libinit$$00000013)
    __rt_lib_init_lc_ctype_1                 0x000002cb   Thumb Code     0  libinit2.o(.ARM.Collect$$libinit$$00000015)
    __rt_lib_init_lc_monetary_1              0x000002cb   Thumb Code     0  libinit2.o(.ARM.Collect$$libinit$$00000017)
    __rt_lib_init_lc_numeric_1               0x000002cb   Thumb Code     0  libinit2.o(.ARM.Collect$$libinit$$00000019)
    __rt_lib_init_lc_time_1                  0x000002cb   Thumb Code     0  libinit2.o(.ARM.Collect$$libinit$$0000001B)
    __rt_lib_init_preinit_1                  0x000002cb   Thumb Code     0  libinit2.o(.ARM.Collect$$libinit$$00000006)
    __rt_lib_init_rand_1                     0x000002cb   Thumb Code     0  libinit2.o(.ARM.Collect$$libinit$$00000010)
    __rt_lib_init_relocate_pie_1             0x000002cb   Thumb Code     0  libinit2.o(.ARM.Collect$$libinit$$00000004)
    __rt_lib_init_return                     0x000002cb   Thumb Code     0  libinit2.o(.ARM.Collect$$libinit$$00000035)
    __rt_lib_init_signal_1                   0x000002cb   Thumb Code     0  libinit2.o(.ARM.Collect$$libinit$$0000001F)
    __rt_lib_init_stdio_1                    0x000002cb   Thumb Code     0  libinit2.o(.ARM.Collect$$libinit$$00000027)
    __rt_lib_init_user_alloc_1               0x000002cb   Thumb Code     0  libinit2.o(.ARM.Collect$$libinit$$0000000E)
    __rt_lib_shutdown                        0x000002cd   Thumb Code     0  libshutdown.o(.ARM.Collect$$libshutdown$$00000000)
    __rt_lib_shutdown_cpp_1                  0x000002cf   Thumb Code     0  libshutdown2.o(.ARM.Collect$$libshutdown$$00000002)
    __rt_lib_shutdown_fp_trap_1              0x000002cf   Thumb Code     0  libshutdown2.o(.ARM.Collect$$libshutdown$$00000007)
    __rt_lib_shutdown_heap_1                 0x000002cf   Thumb Code     0  libshutdown2.o(.ARM.Collect$$libshutdown$$0000000F)
    __rt_lib_shutdown_return                 0x000002cf   Thumb Code     0  libshutdown2.o(.ARM.Collect$$libshutdown$$00000010)
    __rt_lib_shutdown_signal_1               0x000002cf   Thumb Code     0  libshutdown2.o(.ARM.Collect$$libshutdown$$0000000A)
    __rt_lib_shutdown_stdio_1                0x000002cf   Thumb Code     0  libshutdown2.o(.ARM.Collect$$libshutdown$$00000004)
    __rt_lib_shutdown_user_alloc_1           0x000002cf   Thumb Code     0  libshutdown2.o(.ARM.Collect$$libshutdown$$0000000C)
    __rt_entry                               0x000002d1   Thumb Code     0  __rtentry.o(.ARM.Collect$$rtentry$$00000000)
    __rt_entry_presh_1                       0x000002d1   Thumb Code     0  __rtentry2.o(.ARM.Collect$$rtentry$$00000002)
    __rt_entry_sh                            0x000002d1   Thumb Code     0  __rtentry4.o(.ARM.Collect$$rtentry$$00000004)
    __rt_entry_li                            0x000002d7   Thumb Code     0  __rtentry2.o(.ARM.Collect$$rtentry$$0000000A)
    __rt_entry_postsh_1                      0x000002d7   Thumb Code     0  __rtentry2.o(.ARM.Collect$$rtentry$$00000009)
    __rt_entry_main                          0x000002db   Thumb Code     0  __rtentry2.o(.ARM.Collect$$rtentry$$0000000D)
    __rt_entry_postli_1                      0x000002db   Thumb Code     0  __rtentry2.o(.ARM.Collect$$rtentry$$0000000C)
    __rt_exit                                0x000002e3   Thumb Code     0  rtexit.o(.ARM.Collect$$rtexit$$00000000)
    __rt_exit_ls                             0x000002e5   Thumb Code     0  rtexit2.o(.ARM.Collect$$rtexit$$00000003)
    __rt_exit_prels_1                        0x000002e5   Thumb Code     0  rtexit2.o(.ARM.Collect$$rtexit$$00000002)
    __rt_exit_exit                           0x000002e9   Thumb Code     0  rtexit2.o(.ARM.Collect$$rtexit$$00000004)
    Reset_Handler                            0x000002f1   Thumb Code     8  startup_tm4c123.o(.text)
    NMI_Handler                              0x000002f9   Thumb Code     2  startup_tm4c123.o(.text)
    HardFault_Handler                        0x000002fb   Thumb Code     2  startup_tm4c123.o(.text)
    MemManage_Handler                        0x000002fd   Thumb Code     2  startup_tm4c123.o(.text)
    BusFault_Handler                         0x000002ff   Thumb Code     2  startup_tm4c123.o(.text)
    UsageFault_Handler                       0x00000301   Thumb Code     2  startup_tm4c123.o(.text)
    SVC_Handler                              0x00000303   Thumb Code     2  startup_tm4c123.o(.text)
    DebugMon_Handler                         0x00000305   Thumb Code     2  startup_tm4c123.o(.text)
    PendSV_Handler                           0x00000307   Thumb Code     2  startup_tm4c123.o(.text)
    SysTick_Handler                          0x00000309   Thumb Code     2  startup_tm4c123.o(.text)
    GPIOA_Handler                            0x0000030b   Thumb Code     2  startup_tm4c123.o(.text)
    GPIOB_Handler                            0x0000030d   Thumb Code     2  startup_tm4c123.o(.text)
    GPIOC_Handler                            0x0000030f   Thumb Code     2  startup_tm4c123.o(.text)
    GPIOD_Handler                            0x00000311   Thumb Code     2  startup_tm4c123.o(.text)
    GPIOE_Handler                            0x00000313   Thumb Code     2  startup_tm4c123.o(.text)
    UART0_Handler                            0x00000315   Thumb Code     2  startup_tm4c123.o(.text)
    UART1_Handler                            0x00000317   Thumb Code     2  startup_tm4c123.o(.text)
    SSI0_Handler                             0x00000319   Thumb Code     2  startup_tm4c123.o(.text)
    I2C0_Handler                             0x0000031b   Thumb Code     2  startup_tm4c123.o(.text)
    PMW0_FAULT_Handler                       0x0000031d   Thumb Code     2  startup_tm4c123.o(.text)
    PWM0_0_Handler                           0x0000031f   Thumb Code     2  startup_tm4c123.o(.text)
    PWM0_1_Handler                           0x00000321   Thumb Code     2  startup_tm4c123.o(.text)
    PWM0_2_Handler                           0x00000323   Thumb Code     2  startup_tm4c123.o(.text)
    QEI0_Handler                             0x00000325   Thumb Code     2  startup_tm4c123.o(.text)
    ADC0SS0_Handler                          0x00000327   Thumb Code     2  startup_tm4c123.o(.text)
    ADC0SS1_Handler                          0x00000329   Thumb Code     2  startup_tm4c123.o(.text)
    ADC0SS2_Handler                          0x0000032b   Thumb Code     2  startup_tm4c123.o(.text)
    ADC0SS3_Handler                          0x0000032d   Thumb Code     2  startup_tm4c123.o(.text)
    WDT0_Handler                             0x0000032f   Thumb Code     2  startup_tm4c123.o(.text)
    TIMER0B_Handler                          0x00000333   Thumb Code     2  startup_tm4c123.o(.text)
    TIMER1A_Handler                          0x00000335   Thumb Code     2  startup_tm4c123.o(.text)
    TIMER1B_Handler                          0x00000337   Thumb Code     2  startup_tm4c123.o(.text)
    TIMER2A_Handler                          0x00000339   Thumb Code     2  startup_tm4c123.o(.text)
    TIMER2B_Handler                          0x0000033b   Thumb Code     2  startup_tm4c123.o(.text)
    COMP0_Handler                            0x0000033d   Thumb Code     2  startup_tm4c123.o(.text)
    COMP1_Handler                            0x0000033f   Thumb Code     2  startup_tm4c123.o(.text)
    COMP2_Handler                            0x00000341   Thumb Code     2  startup_tm4c123.o(.text)
    SYSCTL_Handler                           0x00000343   Thumb Code     2  startup_tm4c123.o(.text)
    FLASH_Handler                            0x00000345   Thumb Code     2  startup_tm4c123.o(.text)
    GPIOF_Handler                            0x00000347   Thumb Code     2  startup_tm4c123.o(.text)
    GPIOG_Handler                            0x00000349   Thumb Code     2  startup_tm4c123.o(.text)
    GPIOH_Handler                            0x0000034b   Thumb Code     2  startup_tm4c123.o(.text)
    UART2_Handler                            0x0000034d   Thumb Code     2  startup_tm4c123.o(.text)
    SSI1_Handler                             0x0000034f   Thumb Code     2  startup_tm4c123.o(.text)
    TIMER3A_Handler                          0x00000351   Thumb Code     2  startup_tm4c123.o(.text)
    TIMER3B_Handler                          0x00000353   Thumb Code     2  startup_tm4c123.o(.text)
    I2C1_Handler                             0x00000355   Thumb Code     2  startup_tm4c123.o(.text)
    QEI1_Handler                             0x00000357   Thumb Code     2  startup_tm4c123.o(.text)
    CAN0_Handler                             0x00000359   Thumb Code     2  startup_tm4c123.o(.text)
    CAN1_Handler                             0x0000035b   Thumb Code     2  startup_tm4c123.o(.text)
    CAN2_Handler                             0x0000035d   Thumb Code     2  startup_tm4c123.o(.text)
    HIB_Handler                              0x0000035f   Thumb Code     2  startup_tm4c123.o(.text)
    USB0_Handler                             0x00000361   Thumb Code     2  startup_tm4c123.o(.text)
    PWM0_3_Handler                           0x00000363   Thumb Code     2  startup_tm4c123.o(.text)
    UDMA_Handler                             0x00000365   Thumb Code     2  startup_tm4c123.o(.text)
    UDMAERR_Handler                          0x00000367   Thumb Code     2  startup_tm4c123.o(.text)
    ADC1SS0_Handler                          0x00000369   Thumb Code     2  startup_tm4c123.o(.text)
    ADC1SS1_Handler                          0x0000036b   Thumb Code     2  startup_tm4c123.o(.text)
    ADC1SS2_Handler                          0x0000036d   Thumb Code     2  startup_tm4c123.o(.text)
    ADC1SS3_Handler                          0x0000036f   Thumb Code     2  startup_tm4c123.o(.text)
    GPIOJ_Handler                            0x00000371   Thumb Code     2  startup_tm4c123.o(.text)
    GPIOK_Handler                            0x00000373   Thumb Code     2  startup_tm4c123.o(.text)
    GPIOL_Handler                            0x00000375   Thumb Code     2  startup_tm4c123.o(.text)
    SSI2_Handler                             0x00000377   Thumb Code     2  startup_tm4c123.o(.text)
    SSI3_Handler                             0x00000379   Thumb Code     2  startup_tm4c123.o(.text)
    UART3_Handler                            0x0000037b   Thumb Code     2  startup_tm4c123.o(.text)
    UART4_Handler                            0x0000037d   Thumb Code     2  startup_tm4c123.o(.text)
    UART5_Handler                            0x0000037f   Thumb Code     2  startup_tm4c123.o(.text)
    UART6_Handler                            0x00000381   Thumb Code     2  startup_tm4c123.o(.text)
    UART7_Handler                            0x00000383   Thumb Code     2  startup_tm4c123.o(.text)
    I2C2_Handler                             0x00000385   Thumb Code     2  startup_tm4c123.o(.text)
    I2C3_Handler                             0x00000387   Thumb Code     2  startup_tm4c123.o(.text)
    TIMER4A_Handler                          0x00000389   Thumb Code     2  startup_tm4c123.o(.text)
    TIMER4B_Handler                          0x0000038b   Thumb Code     2  startup_tm4c123.o(.text)
    TIMER5A_Handler                          0x0000038d   Thumb Code     2  startup_tm4c123.o(.text)
    TIMER5B_Handler                          0x0000038f   Thumb Code     2  startup_tm4c123.o(.text)
    WTIMER0A_Handler                         0x00000391   Thumb Code     2  startup_tm4c123.o(.text)
    WTIMER0B_Handler                         0x00000393   Thumb Code     2  startup_tm4c123.o(.text)
    WTIMER1A_Handler                         0x00000395   Thumb Code     2  startup_tm4c123.o(.text)
    WTIMER1B_Handler                         0x00000397   Thumb Code     2  startup_tm4c123.o(.text)
    WTIMER2A_Handler                         0x00000399   Thumb Code     2  startup_tm4c123.o(.text)
    WTIMER2B_Handler                         0x0000039b   Thumb Code     2  startup_tm4c123.o(.text)
    WTIMER3A_Handler                         0x0000039d   Thumb Code     2  startup_tm4c123.o(.text)
    WTIMER3B_Handler                         0x0000039f   Thumb Code     2  startup_tm4c123.o(.text)
    WTIMER4A_Handler                         0x000003a1   Thumb Code     2  startup_tm4c123.o(.text)
    WTIMER4B_Handler                         0x000003a3   Thumb Code     2  startup_tm4c123.o(.text)
    WTIMER5A_Handler                         0x000003a5   Thumb Code     2  startup_tm4c123.o(.text)
    WTIMER5B_Handler                         0x000003a7   Thumb Code     2  startup_tm4c123.o(.text)
    FPU_Handler                              0x000003a9   Thumb Code     2  startup_tm4c123.o(.text)
    I2C4_Handler                             0x000003ab   Thumb Code     2  startup_tm4c123.o(.text)
    I2C5_Handler                             0x000003ad   Thumb Code     2  startup_tm4c123.o(.text)
    GPIOM_Handler                            0x000003af   Thumb Code     2  startup_tm4c123.o(.text)
    GPION_Handler                            0x000003b1   Thumb Code     2  startup_tm4c123.o(.text)
    QEI2_Handler                             0x000003b3   Thumb Code     2  startup_tm4c123.o(.text)
    GPIOP0_Handler                           0x000003b5   Thumb Code     2  startup_tm4c123.o(.text)
    GPIOP1_Handler                           0x000003b7   Thumb Code     2  startup_tm4c123.o(.text)
    GPIOP2_Handler                           0x000003b9   Thumb Code     2  startup_tm4c123.o(.text)
    GPIOP3_Handler                           0x000003bb   Thumb Code     2  startup_tm4c123.o(.text)
    GPIOP4_Handler                           0x000003bd   Thumb Code     2  startup_tm4c123.o(.text)
    GPIOP5_Handler                           0x000003bf   Thumb Code     2  startup_tm4c123.o(.text)
    GPIOP6_Handler                           0x000003c1   Thumb Code     2  startup_tm4c123.o(.text)
    GPIOP7_Handler                           0x000003c3   Thumb Code     2  startup_tm4c123.o(.text)
    GPIOQ0_Handler                           0x000003c5   Thumb Code     2  startup_tm4c123.o(.text)
    GPIOQ1_Handler                           0x000003c7   Thumb Code     2  startup_tm4c123.o(.text)
    GPIOQ2_Handler                           0x000003c9   Thumb Code     2  startup_tm4c123.o(.text)
    GPIOQ3_Handler                           0x000003cb   Thumb Code     2  startup_tm4c123.o(.text)
    GPIOQ4_Handler                           0x000003cd   Thumb Code     2  startup_tm4c123.o(.text)
    GPIOQ5_Handler                           0x000003cf   Thumb Code     2  startup_tm4c123.o(.text)
    GPIOQ6_Handler                           0x000003d1   Thumb Code     2  startup_tm4c123.o(.text)
    GPIOQ7_Handler                           0x000003d3   Thumb Code     2  startup_tm4c123.o(.text)
    GPIOR_Handler                            0x000003d5   Thumb Code     2  startup_tm4c123.o(.text)
    GPIOS_Handler                            0x000003d7   Thumb Code     2  startup_tm4c123.o(.text)
    PMW1_0_Handler                           0x000003d9   Thumb Code     2  startup_tm4c123.o(.text)
    PWM1_1_Handler                           0x000003db   Thumb Code     2  startup_tm4c123.o(.text)
    PWM1_2_Handler                           0x000003dd   Thumb Code     2  startup_tm4c123.o(.text)
    PWM1_3_Handler                           0x000003df   Thumb Code     2  startup_tm4c123.o(.text)
    PWM1_FAULT_Handler                       0x000003e1   Thumb Code     2  startup_tm4c123.o(.text)
    __user_initial_stackheap                 0x000003e5   Thumb Code     0  startup_tm4c123.o(.text)
    __use_two_region_memory                  0x00000405   Thumb Code     2  heapauxi.o(.text)
    __rt_heap_escrow$2region                 0x00000407   Thumb Code     2  heapauxi.o(.text)
    __rt_heap_expand$2region                 0x00000409   Thumb Code     2  heapauxi.o(.text)
    __user_setup_stackheap                   0x0000040b   Thumb Code    74  sys_stackheap_outer.o(.text)
    exit                                     0x00000455   Thumb Code    18  exit.o(.text)
    __user_libspace                          0x00000469   Thumb Code     8  libspace.o(.text)
    __user_perproc_libspace                  0x00000469   Thumb Code     0  libspace.o(.text)
    __user_perthread_libspace                0x00000469   Thumb Code     0  libspace.o(.text)
    _sys_exit                                0x00000471   Thumb Code     8  sys_exit.o(.text)
    __I$use$semihosting                      0x0000047d   Thumb Code     0  use_no_semi.o(.text)
    __use_no_semihosting_swi                 0x0000047d   Thumb Code     2  use_no_semi.o(.text)
    __semihosting_library_function           0x0000047f   Thumb Code     0  indicate_semi.o(.text)
    AppDriversInit                           0x00000481   Thumb Code    54  applicationlogic.o(.text.AppDriversInit)
    AppLogic                                 0x000004b9   Thumb Code   122  applicationlogic.o(.text.AppLogic)
    Dio_WriteChannel                         0x00000535   Thumb Code   510  dio_1.o(.text.Dio_WriteChannel)
    Gpt_EnableNotification                   0x00000735   Thumb Code   186  gpt_1.o(.text.Gpt_EnableNotification)
    Gpt_Init                                 0x000007f1   Thumb Code  1092  gpt_1.o(.text.Gpt_Init)
    Gpt_StartTimer                           0x00000c35   Thumb Code   328  gpt_1.o(.text.Gpt_StartTimer)
    Interrupted                              0x00000d7d   Thumb Code    16  applicationlogic.o(.text.Interrupted)
    LED_OFF                                  0x00000d8d   Thumb Code    72  leds.o(.text.LED_OFF)
    LED_ON                                   0x00000dd5   Thumb Code    72  leds.o(.text.LED_ON)
    NVIC_init                                0x00000e1d   Thumb Code   332  nvic_1.o(.text.NVIC_init)
    PinPortGetter                            0x00000f69   Thumb Code   240  dio_1.o(.text.PinPortGetter)
    Port_Init                                0x00001059   Thumb Code  2982  port_1.o(.text.Port_Init)
    SystemInit                               0x00001c01   Thumb Code    18  system_tm4c123.o(.text.SystemInit)
    TIMER0A_Handler                          0x00001c15   Thumb Code    34  gpt_1.o(.text.TIMER0A_Handler)
    main                                     0x00001c39   Thumb Code    20  main.o(.text.main)
    _fp_init                                 0x00001c4d   Thumb Code    26  fpinit.o(x$fpl$fpinit)
    __fplib_config_fpu_vfp                   0x00001c65   Thumb Code     0  fpinit.o(x$fpl$fpinit)
    __fplib_config_pureend_doubles           0x00001c65   Thumb Code     0  fpinit.o(x$fpl$fpinit)
    GptConfigArr                             0x00001cc8   Data          16  gpt_lcfg_1.o(.rodata.GptConfigArr)
    NVIC_CFG_Init                            0x00001cd8   Data           3  nvic_lcfg_1.o(.rodata.NVIC_CFG_Init)
    Port_config                              0x00001cdb   Data        1806  port_lcfg.o(.rodata.Port_config)
    Region$$Table$$Base                      0x000023ec   Number         0  anon$$obj.o(Region$$Table)
    Region$$Table$$Limit                     0x000023fc   Number         0  anon$$obj.o(Region$$Table)
    __libspace_start                         0x20000000   Data          96  libspace.o(.bss)
    __temporary_stack_top$libspace           0x20000060   Data           0  libspace.o(.bss)
    LocBaseAdd                               0x200000c8   Data           4  gpt_1.o(.bss.LocBaseAdd)
    LocChannelId                             0x200000cc   Data           1  gpt_1.o(.bss.LocChannelId)
    LocCounter                               0x200000cd   Data           1  gpt_1.o(.bss.LocCounter)
    LocFrequency                             0x200000ce   Data           1  gpt_1.o(.bss.LocFrequency)
    LocMode                                  0x200000cf   Data           1  gpt_1.o(.bss.LocMode)
    LocTicks                                 0x200000d4   Data           4  gpt_1.o(.bss.LocTicks)
    LocTimerAB                               0x200000d8   Data           1  gpt_1.o(.bss.LocTimerAB)
    LocTimerType                             0x200000d9   Data           1  gpt_1.o(.bss.LocTimerType)
    Pin                                      0x20000104   Data           4  dio_1.o(.bss.Pin)
    Port                                     0x20000108   Data           4  dio_1.o(.bss.Port)



==============================================================================

Memory Map of the image

  Image Entry point : 0x000002f1

  Load Region LR_1 (Base: 0x00000000, Size: 0x000023fc, Max: 0xffffffff, ABSOLUTE)

    Execution Region ER_RO (Exec base: 0x00000000, Load base: 0x00000000, Size: 0x000023fc, Max: 0xffffffff, ABSOLUTE)

    Exec Addr    Load Addr    Size         Type   Attr      Idx    E Section Name        Object

    0x00000000   0x00000000   0x0000026c   Data   RO          136    RESET               startup_tm4c123.o
    0x0000026c   0x0000026c   0x00000008   Code   RO          161  * !!!main             c_w.l(__main.o)
    0x00000274   0x00000274   0x00000034   Code   RO          326    !!!scatter          c_w.l(__scatter.o)
    0x000002a8   0x000002a8   0x0000001c   Code   RO          328    !!handler_zi        c_w.l(__scatter_zi.o)
    0x000002c4   0x000002c4   0x00000002   Code   RO          188    .ARM.Collect$$libinit$$00000000  c_w.l(libinit.o)
    0x000002c6   0x000002c6   0x00000004   Code   RO          194    .ARM.Collect$$libinit$$00000001  c_w.l(libinit2.o)
    0x000002ca   0x000002ca   0x00000000   Code   RO          197    .ARM.Collect$$libinit$$00000004  c_w.l(libinit2.o)
    0x000002ca   0x000002ca   0x00000000   Code   RO          199    .ARM.Collect$$libinit$$00000006  c_w.l(libinit2.o)
    0x000002ca   0x000002ca   0x00000000   Code   RO          202    .ARM.Collect$$libinit$$0000000C  c_w.l(libinit2.o)
    0x000002ca   0x000002ca   0x00000000   Code   RO          204    .ARM.Collect$$libinit$$0000000E  c_w.l(libinit2.o)
    0x000002ca   0x000002ca   0x00000000   Code   RO          206    .ARM.Collect$$libinit$$00000010  c_w.l(libinit2.o)
    0x000002ca   0x000002ca   0x00000000   Code   RO          209    .ARM.Collect$$libinit$$00000013  c_w.l(libinit2.o)
    0x000002ca   0x000002ca   0x00000000   Code   RO          211    .ARM.Collect$$libinit$$00000015  c_w.l(libinit2.o)
    0x000002ca   0x000002ca   0x00000000   Code   RO          213    .ARM.Collect$$libinit$$00000017  c_w.l(libinit2.o)
    0x000002ca   0x000002ca   0x00000000   Code   RO          215    .ARM.Collect$$libinit$$00000019  c_w.l(libinit2.o)
    0x000002ca   0x000002ca   0x00000000   Code   RO          217    .ARM.Collect$$libinit$$0000001B  c_w.l(libinit2.o)
    0x000002ca   0x000002ca   0x00000000   Code   RO          219    .ARM.Collect$$libinit$$0000001D  c_w.l(libinit2.o)
    0x000002ca   0x000002ca   0x00000000   Code   RO          221    .ARM.Collect$$libinit$$0000001F  c_w.l(libinit2.o)
    0x000002ca   0x000002ca   0x00000000   Code   RO          223    .ARM.Collect$$libinit$$00000021  c_w.l(libinit2.o)
    0x000002ca   0x000002ca   0x00000000   Code   RO          225    .ARM.Collect$$libinit$$00000023  c_w.l(libinit2.o)
    0x000002ca   0x000002ca   0x00000000   Code   RO          227    .ARM.Collect$$libinit$$00000025  c_w.l(libinit2.o)
    0x000002ca   0x000002ca   0x00000000   Code   RO          229    .ARM.Collect$$libinit$$00000027  c_w.l(libinit2.o)
    0x000002ca   0x000002ca   0x00000000   Code   RO          233    .ARM.Collect$$libinit$$0000002E  c_w.l(libinit2.o)
    0x000002ca   0x000002ca   0x00000000   Code   RO          235    .ARM.Collect$$libinit$$00000030  c_w.l(libinit2.o)
    0x000002ca   0x000002ca   0x00000000   Code   RO          237    .ARM.Collect$$libinit$$00000032  c_w.l(libinit2.o)
    0x000002ca   0x000002ca   0x00000000   Code   RO          239    .ARM.Collect$$libinit$$00000034  c_w.l(libinit2.o)
    0x000002ca   0x000002ca   0x00000002   Code   RO          240    .ARM.Collect$$libinit$$00000035  c_w.l(libinit2.o)
    0x000002cc   0x000002cc   0x00000002   Code   RO          262    .ARM.Collect$$libshutdown$$00000000  c_w.l(libshutdown.o)
    0x000002ce   0x000002ce   0x00000000   Code   RO          277    .ARM.Collect$$libshutdown$$00000002  c_w.l(libshutdown2.o)
    0x000002ce   0x000002ce   0x00000000   Code   RO          279    .ARM.Collect$$libshutdown$$00000004  c_w.l(libshutdown2.o)
    0x000002ce   0x000002ce   0x00000000   Code   RO          282    .ARM.Collect$$libshutdown$$00000007  c_w.l(libshutdown2.o)
    0x000002ce   0x000002ce   0x00000000   Code   RO          285    .ARM.Collect$$libshutdown$$0000000A  c_w.l(libshutdown2.o)
    0x000002ce   0x000002ce   0x00000000   Code   RO          287    .ARM.Collect$$libshutdown$$0000000C  c_w.l(libshutdown2.o)
    0x000002ce   0x000002ce   0x00000000   Code   RO          290    .ARM.Collect$$libshutdown$$0000000F  c_w.l(libshutdown2.o)
    0x000002ce   0x000002ce   0x00000002   Code   RO          291    .ARM.Collect$$libshutdown$$00000010  c_w.l(libshutdown2.o)
    0x000002d0   0x000002d0   0x00000000   Code   RO          163    .ARM.Collect$$rtentry$$00000000  c_w.l(__rtentry.o)
    0x000002d0   0x000002d0   0x00000000   Code   RO          165    .ARM.Collect$$rtentry$$00000002  c_w.l(__rtentry2.o)
    0x000002d0   0x000002d0   0x00000006   Code   RO          177    .ARM.Collect$$rtentry$$00000004  c_w.l(__rtentry4.o)
    0x000002d6   0x000002d6   0x00000000   Code   RO          167    .ARM.Collect$$rtentry$$00000009  c_w.l(__rtentry2.o)
    0x000002d6   0x000002d6   0x00000004   Code   RO          168    .ARM.Collect$$rtentry$$0000000A  c_w.l(__rtentry2.o)
    0x000002da   0x000002da   0x00000000   Code   RO          170    .ARM.Collect$$rtentry$$0000000C  c_w.l(__rtentry2.o)
    0x000002da   0x000002da   0x00000008   Code   RO          171    .ARM.Collect$$rtentry$$0000000D  c_w.l(__rtentry2.o)
    0x000002e2   0x000002e2   0x00000002   Code   RO          192    .ARM.Collect$$rtexit$$00000000  c_w.l(rtexit.o)
    0x000002e4   0x000002e4   0x00000000   Code   RO          242    .ARM.Collect$$rtexit$$00000002  c_w.l(rtexit2.o)
    0x000002e4   0x000002e4   0x00000004   Code   RO          243    .ARM.Collect$$rtexit$$00000003  c_w.l(rtexit2.o)
    0x000002e8   0x000002e8   0x00000006   Code   RO          244    .ARM.Collect$$rtexit$$00000004  c_w.l(rtexit2.o)
    0x000002ee   0x000002ee   0x00000002   PAD
    0x000002f0   0x000002f0   0x00000114   Code   RO          137  * .text               startup_tm4c123.o
    0x00000404   0x00000404   0x00000006   Code   RO          159    .text               c_w.l(heapauxi.o)
    0x0000040a   0x0000040a   0x0000004a   Code   RO          179    .text               c_w.l(sys_stackheap_outer.o)
    0x00000454   0x00000454   0x00000012   Code   RO          181    .text               c_w.l(exit.o)
    0x00000466   0x00000466   0x00000002   PAD
    0x00000468   0x00000468   0x00000008   Code   RO          189    .text               c_w.l(libspace.o)
    0x00000470   0x00000470   0x0000000c   Code   RO          252    .text               c_w.l(sys_exit.o)
    0x0000047c   0x0000047c   0x00000002   Code   RO          267    .text               c_w.l(use_no_semi.o)
    0x0000047e   0x0000047e   0x00000000   Code   RO          269    .text               c_w.l(indicate_semi.o)
    0x0000047e   0x0000047e   0x00000002   PAD
    0x00000480   0x00000480   0x00000036   Code   RO          120    .text.AppDriversInit  applicationlogic.o
    0x000004b6   0x000004b6   0x00000002   PAD
    0x000004b8   0x000004b8   0x0000007a   Code   RO          124    .text.AppLogic      applicationlogic.o
    0x00000532   0x00000532   0x00000002   PAD
    0x00000534   0x00000534   0x000001fe   Code   RO           15    .text.Dio_WriteChannel  dio_1.o
    0x00000732   0x00000732   0x00000002   PAD
    0x00000734   0x00000734   0x000000ba   Code   RO           36    .text.Gpt_EnableNotification  gpt_1.o
    0x000007ee   0x000007ee   0x00000002   PAD
    0x000007f0   0x000007f0   0x00000444   Code   RO           32    .text.Gpt_Init      gpt_1.o
    0x00000c34   0x00000c34   0x00000148   Code   RO           38    .text.Gpt_StartTimer  gpt_1.o
    0x00000d7c   0x00000d7c   0x00000010   Code   RO          122    .text.Interrupted   applicationlogic.o
    0x00000d8c   0x00000d8c   0x00000048   Code   RO          111    .text.LED_OFF       leds.o
    0x00000dd4   0x00000dd4   0x00000048   Code   RO          109    .text.LED_ON        leds.o
    0x00000e1c   0x00000e1c   0x0000014c   Code   RO           63    .text.NVIC_init     nvic_1.o
    0x00000f68   0x00000f68   0x000000f0   Code   RO           11    .text.PinPortGetter  dio_1.o
    0x00001058   0x00001058   0x00000ba6   Code   RO           72    .text.Port_Init     port_1.o
    0x00001bfe   0x00001bfe   0x00000002   PAD
    0x00001c00   0x00001c00   0x00000012   Code   RO          148    .text.SystemInit    system_tm4c123.o
    0x00001c12   0x00001c12   0x00000002   PAD
    0x00001c14   0x00001c14   0x00000022   Code   RO           42    .text.TIMER0A_Handler  gpt_1.o
    0x00001c36   0x00001c36   0x00000002   PAD
    0x00001c38   0x00001c38   0x00000014   Code   RO            2    .text.main          main.o
    0x00001c4c   0x00001c4c   0x0000001a   Code   RO          250    x$fpl$fpinit        fz_wm.l(fpinit.o)
    0x00001c66   0x00001c66   0x00000002   PAD
    0x00001c68   0x00001c68   0x00000060   Data   RO           55    .rodata.GPT_TimerChannelBaseAddress  gpt_1.o
    0x00001cc8   0x00001cc8   0x00000010   Data   RO           91    .rodata.GptConfigArr  gpt_lcfg_1.o
    0x00001cd8   0x00001cd8   0x00000003   Data   RO           97    .rodata.NVIC_CFG_Init  nvic_lcfg_1.o
    0x00001cdb   0x00001cdb   0x0000070e   Data   RO          103    .rodata.Port_config  port_lcfg.o
    0x000023e9   0x000023e9   0x00000003   PAD
    0x000023ec   0x000023ec   0x00000010   Data   RO          325    Region$$Table       anon$$obj.o


    Execution Region ER_RW (Exec base: 0x20000000, Load base: 0x000023fc, Size: 0x00000000, Max: 0xffffffff, ABSOLUTE)

    **** No section assigned to this execution region ****


    Execution Region ER_ZI (Exec base: 0x20000000, Load base: 0x000023fc, Size: 0x00000318, Max: 0xffffffff, ABSOLUTE)

    Exec Addr    Load Addr    Size         Type   Attr      Idx    E Section Name        Object

    0x20000000        -       0x00000060   Zero   RW          190    .bss                c_w.l(libspace.o)
    0x20000060        -       0x00000004   Zero   RW           46    .bss.Channel        gpt_1.o
    0x20000064        -       0x00000060   Zero   RW           52    .bss.GptNotification  gpt_1.o
    0x200000c4        -       0x00000001   Zero   RW          127    .bss.LedState       applicationlogic.o
    0x200000c5   0x000023fc   0x00000003   PAD
    0x200000c8        -       0x00000004   Zero   RW           51    .bss.LocBaseAdd     gpt_1.o
    0x200000cc        -       0x00000001   Zero   RW           47    .bss.LocChannelId   gpt_1.o
    0x200000cd        -       0x00000001   Zero   RW           44    .bss.LocCounter     gpt_1.o
    0x200000ce        -       0x00000001   Zero   RW           48    .bss.LocFrequency   gpt_1.o
    0x200000cf        -       0x00000001   Zero   RW           49    .bss.LocMode        gpt_1.o
    0x200000d0        -       0x00000001   Zero   RW          126    .bss.LocSeconds     applicationlogic.o
    0x200000d1   0x000023fc   0x00000003   PAD
    0x200000d4        -       0x00000004   Zero   RW           50    .bss.LocTicks       gpt_1.o
    0x200000d8        -       0x00000001   Zero   RW           53    .bss.LocTimerAB     gpt_1.o
    0x200000d9        -       0x00000001   Zero   RW           54    .bss.LocTimerType   gpt_1.o
    0x200000da   0x000023fc   0x00000002   PAD
    0x200000dc        -       0x00000004   Zero   RW           77    .bss.PORT_AFSEL     port_1.o
    0x200000e0        -       0x00000004   Zero   RW           83    .bss.PORT_AMSEL     port_1.o
    0x200000e4        -       0x00000004   Zero   RW           82    .bss.PORT_CR        port_1.o
    0x200000e8        -       0x00000004   Zero   RW           76    .bss.PORT_DATA      port_1.o
    0x200000ec        -       0x00000004   Zero   RW           80    .bss.PORT_DEN       port_1.o
    0x200000f0        -       0x00000004   Zero   RW           75    .bss.PORT_DIR       port_1.o
    0x200000f4        -       0x00000004   Zero   RW           81    .bss.PORT_LOCK      port_1.o
    0x200000f8        -       0x00000004   Zero   RW           84    .bss.PORT_PCTL      port_1.o
    0x200000fc        -       0x00000004   Zero   RW           79    .bss.PORT_PDR       port_1.o
    0x20000100        -       0x00000004   Zero   RW           78    .bss.PORT_PUR       port_1.o
    0x20000104        -       0x00000004   Zero   RW           24    .bss.Pin            dio_1.o
    0x20000108        -       0x00000004   Zero   RW           23    .bss.Port           dio_1.o
    0x2000010c        -       0x00000004   Zero   RW           74    .bss.Port_PortChannels  port_1.o
    0x20000110        -       0x00000004   Zero   RW           65    .bss.Pri_Reg_PTR    nvic_1.o
    0x20000114        -       0x00000004   Zero   RW           45    .bss.global_Config  gpt_1.o
    0x20000118        -       0x00000000   Zero   RW          135    HEAP                startup_tm4c123.o
    0x20000118        -       0x00000200   Zero   RW          134    STACK               startup_tm4c123.o


==============================================================================

Image component sizes


      Code (inc. data)   RO Data    RW Data    ZI Data      Debug   Object Name

       192          0          0          0          2       1672   applicationlogic.o
       750          6          0          0          8       2470   dio_1.o
      1640          0         96          0        118       3833   gpt_1.o
         0          0         16          0          0       1873   gpt_lcfg_1.o
       144          0          0          0          0        716   leds.o
        20          0          0          0          0        390   main.o
       332          4          0          0          4       3076   nvic_1.o
         0          0          3          0          0       2746   nvic_lcfg_1.o
      2982         12          0          0         44       2582   port_1.o
         0          0       1806          0          0       1115   port_lcfg.o
       276         24        620          0        512       5496   startup_tm4c123.o
        18          0          0          0          0       6633   system_tm4c123.o

    ----------------------------------------------------------------------
      6368         46       2560          0        696      32602   Object Totals
         0          0         16          0          0          0   (incl. Generated)
        14          0          3          0          8          0   (incl. Padding)

    ----------------------------------------------------------------------

      Code (inc. data)   RO Data    RW Data    ZI Data      Debug   Library Member Name

         8          0          0          0          0         68   __main.o
         0          0          0          0          0          0   __rtentry.o
        12          0          0          0          0          0   __rtentry2.o
         6          0          0          0          0          0   __rtentry4.o
        52          8          0          0          0          0   __scatter.o
        28          0          0          0          0          0   __scatter_zi.o
        18          0          0          0          0         80   exit.o
         6          0          0          0          0        152   heapauxi.o
         0          0          0          0          0          0   indicate_semi.o
         2          0          0          0          0          0   libinit.o
         6          0          0          0          0          0   libinit2.o
         2          0          0          0          0          0   libshutdown.o
         2          0          0          0          0          0   libshutdown2.o
         8          4          0          0         96         68   libspace.o
         2          0          0          0          0          0   rtexit.o
        10          0          0          0          0          0   rtexit2.o
        12          4          0          0          0         68   sys_exit.o
        74          0          0          0          0         80   sys_stackheap_outer.o
         2          0          0          0          0         68   use_no_semi.o
        26          0          0          0          0        116   fpinit.o

    ----------------------------------------------------------------------
       284         16          0          0         96        700   Library Totals
         8          0          0          0          0          0   (incl. Padding)

    ----------------------------------------------------------------------

      Code (inc. data)   RO Data    RW Data    ZI Data      Debug   Library Name

       250         16          0          0         96        584   c_w.l
        26          0          0          0          0        116   fz_wm.l

    ----------------------------------------------------------------------
       284         16          0          0         96        700   Library Totals

    ----------------------------------------------------------------------

==============================================================================


      Code (inc. data)   RO Data    RW Data    ZI Data      Debug   

      6652         62       2560          0        792      32938   Grand Totals
      6652         62       2560          0        792      32938   ELF Image Totals
      6652         62       2560          0          0          0   ROM Totals

==============================================================================

    Total RO  Size (Code + RO Data)                 9212 (   9.00kB)
    Total RW  Size (RW Data + ZI Data)               792 (   0.77kB)
    Total ROM Size (Code + RO Data + RW Data)       9212 (   9.00kB)

==============================================================================

